// Jest Snapshot v1, https://goo.gl/fbAQLP

exports[`Rate My Professors getProfessorFromSchool uses fetch to get data from the Rate My Professors backend 1`] = `"https://search-production.ratemyprofessors.com/solr/rmp/select/?bf=pow%28total_number_of_ratings_i%2C2.1%29&callback=noCB&defType=edismax&fq=schoolname_t%3A%22School%20Name%22&group=off&group.field=content_type_s&group.limit=20&json.wrf=noCB&q=Teacher%20Name&qf=teacherfirstname_t%5E2000%20teacherlastname_t%5E2000%20teacherfullname_t%5E2000%20teacherfullname_autosuggest&rows=20&rows=20&siteName=rmp&solrformat=true&sort=score%20desc&wt=json"`;
